[36mvite v8.0.0 [32mbuilding client environment for production...[36m[39m
[2K
transforming...Γ£ô 16 modules transformed.
node.exe : 
[31mΓ£ù[39m Build 
failed in 372ms
At line:1 char:1
+ & "C:\Program 
Files\nodejs/node.exe" 
"C:\Program 
Files\nodejs/node_mo 
...
+ ~~~~~~~~~~~~~~~~~~~~~
~~~~~~~~~~~~~~~~~~~~~~~
~~~~~~~~~~~~~~~~~~~~~~~
~~
    + CategoryInfo     
         : NotSpecifi  
  ed: ([31mΓ£ù[39m   
  Build failed in 3    
72ms:String) [], R    
emoteException
    + FullyQualifiedEr 
   rorId : NativeComm  
  andError
 
[31merror during 
build:
[31mBuild failed with 
1 error:

[31m[UNRESOLVED_IMPORT
] Error:[0m Could not 
resolve './components/S
tarryBackground' in 
src/App.jsx
   [38;5;246mΓò¡[0m[
38;5;246mΓöÇ[0m[38;5;
246m[[0m 
src/App.jsx:9:30 
[38;5;246m][0m
   [38;5;246mΓöé[0m
 [38;5;246m9 Γöé[0m 
[38;5;249mi[0m[38;5;2
49mm[0m[38;5;249mp[0
m[38;5;249mo[0m[38;5
;249mr[0m[38;5;249mt
[0m[38;5;249m [0m[38
;5;249mS[0m[38;5;249m
t[0m[38;5;249ma[0m[
38;5;249mr[0m[38;5;24
9mr[0m[38;5;249my[0m
[38;5;249mB[0m[38;5;
249ma[0m[38;5;249mc[
0m[38;5;249mk[0m[38;
5;249mg[0m[38;5;249mr
[0m[38;5;249mo[0m[3
8;5;249mu[0m[38;5;249
mn[0m[38;5;249md[0m
[38;5;249m [0m[38;5;2
49mf[0m[38;5;249mr[0
m[38;5;249mo[0m[38;5
;249mm[0m[38;5;249m 
[0m"./components/Starry
Background"[38;5;249m;
[0m
 [38;5;240m  Γöé[0m  
                       
     ΓöÇΓöÇΓöÇΓöÇΓöÇΓöÇ
ΓöÇΓöÇΓöÇΓöÇΓöÇΓöÇΓöÇΓö
ÇΓöÇΓö¼ΓöÇΓöÇΓöÇΓöÇΓöÇΓ
öÇΓöÇΓöÇΓöÇΓöÇΓöÇΓöÇΓöÇ
ΓöÇΓöÇ  
 [38;5;240m  Γöé[0m  
                       
                    Γò░
ΓöÇΓöÇΓöÇΓöÇΓöÇΓöÇΓöÇΓö
ÇΓöÇΓöÇΓöÇΓöÇΓöÇΓöÇΓöÇΓ
öÇΓöÇ Module not found.
 [38;5;240m  Γöé[0m 
 [38;5;240m  Γöé[0m 
[38;5;115mHelp[0m: 
'src/App.jsx' is 
imported by the 
following path:
 [38;5;240m  Γöé[0m  
       - src/App.jsx
 [38;5;240m  Γöé[0m  
       - src/main.jsx
 [38;5;240m  Γöé[0m  
       - index.html
[38;5;246mΓöÇΓöÇΓöÇΓò»
[0m
[31m
    at aggregateBinding
ErrorsIntoJsError (file
:///D:/MY%20PROJECTS/Pr
oject-Management-System
/node_modules/rolldown/
dist/shared/error-CP8sm
W_P.mjs:48:18)
    at 
unwrapBindingResult (fi
le:///D:/MY%20PROJECTS/
Project-Management-Syst
em/node_modules/rolldow
n/dist/shared/error-CP8
smW_P.mjs:18:128)
    at #build (file:///
D:/MY%20PROJECTS/Projec
t-Management-System/nod
e_modules/rolldown/dist
/shared/rolldown-build-
4YnQkA76.mjs:3311:34)
    at async 
buildEnvironment (file:
///D:/MY%20PROJECTS/Pro
ject-Management-System/
node_modules/vite/dist/
node/chunks/node.js:327
94:64)
    at async 
Object.build (file:///D
:/MY%20PROJECTS/Project
-Management-System/node
_modules/vite/dist/node
/chunks/node.js:33216:1
9)
    at async 
Object.buildApp (file:/
//D:/MY%20PROJECTS/Proj
ect-Management-System/n
ode_modules/vite/dist/n
ode/chunks/node.js:3321
3:153)
    at async 
CAC.<anonymous> (file:/
//D:/MY%20PROJECTS/Proj
ect-Management-System/n
ode_modules/vite/dist/n
ode/cli.js:778:3) {
  errors: 
[Getter/Setter]
}[39m
